// Jest Snapshot v1, https://goo.gl/fbAQLP

exports[`baseline 1`] = `
Object {
  "description": "I&#x27;m Kai Hao, a front-end developer in Taiwan.",
  "generator": "Gatsby 2.15.11",
  "og": Object {
    "description": "I&#x27;m Kai Hao, a front-end developer in Taiwan.",
    "image": Object {
      "height": "626",
      "url": "https://kaihao.dev/static/15baf5b2b73048942a827496d3805470/70e2c/default-meta-image.png",
      "width": "1200",
    },
    "title": "Kai Hao",
    "type": "website",
    "url": "https://kaihao.dev/",
  },
  "theme-color": "#f2994a",
  "twitter": Object {
    "card": "summary_large_image",
    "creator": "@kevin940726",
    "description": "I&#x27;m Kai Hao, a front-end developer in Taiwan.",
    "image": "https://kaihao.dev/static/15baf5b2b73048942a827496d3805470/70e2c/default-meta-image.png",
    "title": "Kai Hao",
  },
  "viewport": "width=device-width, initial-scale=1, shrink-to-fit=no",
}
`;
